
 INFO Server running on [http://127.0.0.1:8123]. 

 Press Ctrl+C to stop the server

 2026-10-01 08:53:13 /login .. ~ 514.89ms
 2026-10-01 08:53:13 /login .. ~ 0.14ms
 2026-10-01 08:53:14 /beranda .. ~ 503.22ms
 2026-10-01 08:53:14 /beranda .. ~ 0.09ms
 2026-10-01 08:53:20 /login .. ~ 0.22ms
 2026-10-01 08:53:38 /login .. ~ 0.23ms
 2026-10-01 08:53:38 /login .. ~ 513.19ms
 2026-10-01 08:53:49 /login .. ~ 513.47ms
 2026-10-01 08:53:49 /login .. ~ 501.27ms
 2026-10-01 08:53:49 /beranda .. ~ 3s
 2026-10-01 08:54:06 /login .. ~ 514.00ms
 2026-10-01 08:54:06 /login .. ~ 501.07ms
 2026-10-01 08:54:06 /beranda .. ~ 1s
 2026-10-01 09:03:01 /login .. ~ 521.85ms
 2026-10-01 09:03:02 /login .. ~ 506.56ms
 2026-10-01 09:03:02 /beranda .. ~ 1s
 2026-10-01 09:03:17 /login .. ~ 0.16ms
 2026-10-01 09:03:17 /login .. ~ 514.79ms
 2026-10-01 09:03:17 /beranda .. ~ 2s
 2026-10-01 09:03:25 /login .. ~ 0.15ms
 2026-10-01 09:03:25 /login .. ~ 501.56ms
 2026-10-01 09:03:26 /beranda .. ~ 2s

 INFO Environment modified. Restarting server.. 

 INFO Server running on [http://127.0.0.1:8123]. 

 Press Ctrl+C to stop the server


 INFO Environment modified. Restarting server.. 

 INFO Server running on [http://127.0.0.1:8123]. 

 Press Ctrl+C to stop the server

